// Jest Snapshot v1, https://goo.gl/fbAQLP

exports[`ScoringViolationCell it renders correctly, click shows dialog 1`] = `
<body>
  <div>
    <div
      class="container"
    >
      <button
        aria-label="Press to show note"
        class="icon-bar-btn actionable base-16 default"
        title="Press to show note"
      >
        <svg
          aria-hidden="false"
          class="icon medium"
          viewBox="0 0 16 16"
        >
          <title>
            Warning icon
          </title>
          <path
            d="M8 1a7 7 0 11-7 7 7 7 0 017-7m0-1a8 8 0 108 8 8 8 0 00-8-8z"
          />
          <path
            d="M7 3h2v6H7zm0 8h2v2H7z"
          />
        </svg>
         
         
      </button>
       
      <div
        class="dialog-container"
      >
        
      </div>
    </div>
    
  </div>
</body>
`;

exports[`ScoringViolationCell it renders correctly, click shows dialog 2`] = `
<body>
  <div>
    <div
      class="container"
    >
      <button
        aria-label="Press to show note"
        class="icon-bar-btn actionable base-16 default"
        title="Press to show note"
      >
        <svg
          aria-hidden="false"
          class="icon medium"
          viewBox="0 0 16 16"
        >
          <title>
            Warning icon
          </title>
          <path
            d="M8 1a7 7 0 11-7 7 7 7 0 017-7m0-1a8 8 0 108 8 8 8 0 00-8-8z"
          />
          <path
            d="M7 3h2v6H7zm0 8h2v2H7z"
          />
        </svg>
         
         
      </button>
       
      <div
        class="dialog-container"
      >
        
      </div>
    </div>
    
  </div>
</body>
`;
