// Jest Snapshot v1, https://goo.gl/fbAQLP

exports[`Lti Error renders correctly without return url 1`] = `
<body>
  <div>
     
    <main>
      <div
        class="wrapper"
      >
        <svg
          aria-hidden="false"
          class="icon medium"
          viewBox="0 0 16 16"
        >
          <title>
            Lightning bolt icon
          </title>
          <path
            d="M8 0h4.08L9 6h4L5 16l2-7H4l4-9z"
          />
        </svg>
         
        <section>
          <h2>
            Scoring not available.
          </h2>
           
          <p
            class="description"
          >
            Please contact your system administrator.
          </p>
        </section>
      </div>
    </main>
  </div>
</body>
`;
